Archive member included to satisfy reference by file (symbol)

/usr/lib/gcc/arm-none-eabi/13.2.1/../../../arm-none-eabi/lib/thumb/v6-m/nofp/libc_nano.a(libc_a-memset.o)
                              /tmp/ccJdCblz.o (memset)
/usr/lib/gcc/arm-none-eabi/13.2.1/../../../arm-none-eabi/lib/thumb/v6-m/nofp/libc_nano.a(libc_a-memcpy-stub.o)
                              /tmp/ccJdCblz.o (memcpy)

Discarded input sections

 .group         0x00000000        0xc /tmp/ccJdCblz.o
 .group         0x00000000        0xc /tmp/ccJdCblz.o
 .text          0x00000000        0x0 /tmp/ccJdCblz.o
 .data          0x00000000        0x0 /tmp/ccJdCblz.o
 .bss           0x00000000        0x0 /tmp/ccJdCblz.o
 .rodata.RCC_BASE
                0x00000000        0x4 /tmp/ccJdCblz.o
 .rodata.GPIO_BANK_NUMBER
                0x00000000        0x4 /tmp/ccJdCblz.o
 .data          0x00000000        0x0 /usr/lib/gcc/arm-none-eabi/13.2.1/../../../arm-none-eabi/lib/thumb/v6-m/nofp/libc_nano.a(libc_a-memset.o)
 .bss           0x00000000        0x0 /usr/lib/gcc/arm-none-eabi/13.2.1/../../../arm-none-eabi/lib/thumb/v6-m/nofp/libc_nano.a(libc_a-memset.o)
 .data          0x00000000        0x0 /usr/lib/gcc/arm-none-eabi/13.2.1/../../../arm-none-eabi/lib/thumb/v6-m/nofp/libc_nano.a(libc_a-memcpy-stub.o)
 .bss           0x00000000        0x0 /usr/lib/gcc/arm-none-eabi/13.2.1/../../../arm-none-eabi/lib/thumb/v6-m/nofp/libc_nano.a(libc_a-memcpy-stub.o)

Memory Configuration

Name             Origin             Length             Attributes
flash            0x08000000         0x00008000         xr
sram             0x20000000         0x00003000         xrw
*default*        0x00000000         0xffffffff

Linker script and memory map

LOAD /tmp/ccJdCblz.o
LOAD /usr/lib/gcc/arm-none-eabi/13.2.1/../../../arm-none-eabi/lib/thumb/v6-m/nofp/libc_nano.a
LOAD /usr/lib/gcc/arm-none-eabi/13.2.1/thumb/v6-m/nofp/libgcc.a
                0x20003000                        _estack = (ORIGIN (sram) + LENGTH (sram))

.vectors        0x08000000       0xbc
                0x08000000                        . = ALIGN (0x4)
 *(.vectors)
 .vectors       0x08000000       0xbc /tmp/ccJdCblz.o
                0x08000000                tab
                0x080000bc                        . = ALIGN (0x4)

.text           0x080000bc      0x1e8
                0x080000bc                        . = ALIGN (0x4)
 *(.text)
 .text          0x080000bc       0xa8 /usr/lib/gcc/arm-none-eabi/13.2.1/../../../arm-none-eabi/lib/thumb/v6-m/nofp/libc_nano.a(libc_a-memset.o)
                0x080000bc                memset
 .text          0x08000164       0x8c /usr/lib/gcc/arm-none-eabi/13.2.1/../../../arm-none-eabi/lib/thumb/v6-m/nofp/libc_nano.a(libc_a-memcpy-stub.o)
                0x08000164                memcpy
 *(.text*)
 .text.delay    0x080001f0       0x1c /tmp/ccJdCblz.o
                0x080001f0                delay
 .text.startup.main
                0x0800020c       0x44 /tmp/ccJdCblz.o
                0x0800020c                main
 .text._reset   0x08000250       0x54 /tmp/ccJdCblz.o
                0x08000250                _reset
                0x080002a4                        . = ALIGN (0x4)

.glue_7         0x080002a4        0x0
 .glue_7        0x080002a4        0x0 linker stubs

.glue_7t        0x080002a4        0x0
 .glue_7t       0x080002a4        0x0 linker stubs

.vfp11_veneer   0x080002a4        0x0
 .vfp11_veneer  0x080002a4        0x0 linker stubs

.v4_bx          0x080002a4        0x0
 .v4_bx         0x080002a4        0x0 linker stubs

.iplt           0x080002a4        0x0
 .iplt          0x080002a4        0x0 /tmp/ccJdCblz.o

.rel.dyn        0x080002a4        0x0
 .rel.iplt      0x080002a4        0x0 /tmp/ccJdCblz.o

.rodata         0x080002a4        0x0
                0x080002a4                        . = ALIGN (0x4)
 *(.rodata*)
                0x080002a4                        . = ALIGN (0x4)

.data           0x20000000        0x4 load address 0x080002a4
                0x20000000                        . = ALIGN (0x4)
                0x20000000                        _startDataRAM = .
 *(.firstData)
 *(.data SORT_BY_NAME(.data.*))
 .data.RCC_IOPENR
                0x20000000        0x4 /tmp/ccJdCblz.o
                0x20000000                RCC_IOPENR
                0x20000004                        . = ALIGN (0x4)
                0x20000004                        _endDataRAM = .
                0x080002a4                        _startDataFLASH = LOADADDR (.data)

.igot.plt       0x20000004        0x0 load address 0x080002a8
 .igot.plt      0x20000004        0x0 /tmp/ccJdCblz.o

.bss            0x20000004        0x0 load address 0x080002a8
                0x20000004                        . = ALIGN (0x4)
                0x20000004                        _startBSS = .
 *(.bss SORT_BY_NAME(.bss.*))
                0x20000004                        . = ALIGN (0x4)
                0x20000004                        _endBSS = .
OUTPUT(firmware.elf elf32-littlearm)
LOAD linker stubs

.debug_info     0x00000000      0x6eb
 .debug_info    0x00000000      0x464 /tmp/ccJdCblz.o
 .debug_info    0x00000464      0x135 /usr/lib/gcc/arm-none-eabi/13.2.1/../../../arm-none-eabi/lib/thumb/v6-m/nofp/libc_nano.a(libc_a-memset.o)
 .debug_info    0x00000599      0x152 /usr/lib/gcc/arm-none-eabi/13.2.1/../../../arm-none-eabi/lib/thumb/v6-m/nofp/libc_nano.a(libc_a-memcpy-stub.o)

.debug_abbrev   0x00000000      0x3e5
 .debug_abbrev  0x00000000      0x264 /tmp/ccJdCblz.o
 .debug_abbrev  0x00000264       0xb7 /usr/lib/gcc/arm-none-eabi/13.2.1/../../../arm-none-eabi/lib/thumb/v6-m/nofp/libc_nano.a(libc_a-memset.o)
 .debug_abbrev  0x0000031b       0xca /usr/lib/gcc/arm-none-eabi/13.2.1/../../../arm-none-eabi/lib/thumb/v6-m/nofp/libc_nano.a(libc_a-memcpy-stub.o)

.debug_loclists
                0x00000000      0x508
 .debug_loclists
                0x00000000       0x7b /tmp/ccJdCblz.o
 .debug_loclists
                0x0000007b      0x1c6 /usr/lib/gcc/arm-none-eabi/13.2.1/../../../arm-none-eabi/lib/thumb/v6-m/nofp/libc_nano.a(libc_a-memset.o)
 .debug_loclists
                0x00000241      0x2c7 /usr/lib/gcc/arm-none-eabi/13.2.1/../../../arm-none-eabi/lib/thumb/v6-m/nofp/libc_nano.a(libc_a-memcpy-stub.o)

.debug_aranges  0x00000000       0x70
 .debug_aranges
                0x00000000       0x30 /tmp/ccJdCblz.o
 .debug_aranges
                0x00000030       0x20 /usr/lib/gcc/arm-none-eabi/13.2.1/../../../arm-none-eabi/lib/thumb/v6-m/nofp/libc_nano.a(libc_a-memset.o)
 .debug_aranges
                0x00000050       0x20 /usr/lib/gcc/arm-none-eabi/13.2.1/../../../arm-none-eabi/lib/thumb/v6-m/nofp/libc_nano.a(libc_a-memcpy-stub.o)

.debug_rnglists
                0x00000000       0x52
 .debug_rnglists
                0x00000000       0x52 /tmp/ccJdCblz.o

.debug_macro    0x00000000      0xe0a
 .debug_macro   0x00000000       0x1a /tmp/ccJdCblz.o
 .debug_macro   0x0000001a      0xaa2 /tmp/ccJdCblz.o
 .debug_macro   0x00000abc      0x34e /tmp/ccJdCblz.o

.debug_line     0x00000000      0x536
 .debug_line    0x00000000      0x192 /tmp/ccJdCblz.o
 .debug_line    0x00000192      0x1bd /usr/lib/gcc/arm-none-eabi/13.2.1/../../../arm-none-eabi/lib/thumb/v6-m/nofp/libc_nano.a(libc_a-memset.o)
 .debug_line    0x0000034f      0x1e7 /usr/lib/gcc/arm-none-eabi/13.2.1/../../../arm-none-eabi/lib/thumb/v6-m/nofp/libc_nano.a(libc_a-memcpy-stub.o)

.debug_str      0x00000000     0x3944
 .debug_str     0x00000000     0x3944 /tmp/ccJdCblz.o
                               0x394a (size before relaxing)
 .debug_str     0x00003944      0x1a6 /usr/lib/gcc/arm-none-eabi/13.2.1/../../../arm-none-eabi/lib/thumb/v6-m/nofp/libc_nano.a(libc_a-memset.o)
 .debug_str     0x00003944      0x1c3 /usr/lib/gcc/arm-none-eabi/13.2.1/../../../arm-none-eabi/lib/thumb/v6-m/nofp/libc_nano.a(libc_a-memcpy-stub.o)

.comment        0x00000000       0x26
 .comment       0x00000000       0x26 /tmp/ccJdCblz.o
                                 0x27 (size before relaxing)
 .comment       0x00000026       0x27 /usr/lib/gcc/arm-none-eabi/13.2.1/../../../arm-none-eabi/lib/thumb/v6-m/nofp/libc_nano.a(libc_a-memset.o)
 .comment       0x00000026       0x27 /usr/lib/gcc/arm-none-eabi/13.2.1/../../../arm-none-eabi/lib/thumb/v6-m/nofp/libc_nano.a(libc_a-memcpy-stub.o)

.ARM.attributes
                0x00000000       0x2c
 .ARM.attributes
                0x00000000       0x2c /tmp/ccJdCblz.o
 .ARM.attributes
                0x0000002c       0x2c /usr/lib/gcc/arm-none-eabi/13.2.1/../../../arm-none-eabi/lib/thumb/v6-m/nofp/libc_nano.a(libc_a-memset.o)
 .ARM.attributes
                0x00000058       0x2c /usr/lib/gcc/arm-none-eabi/13.2.1/../../../arm-none-eabi/lib/thumb/v6-m/nofp/libc_nano.a(libc_a-memcpy-stub.o)

.debug_frame    0x00000000       0xb0
 .debug_frame   0x00000000       0x50 /tmp/ccJdCblz.o
 .debug_frame   0x00000050       0x30 /usr/lib/gcc/arm-none-eabi/13.2.1/../../../arm-none-eabi/lib/thumb/v6-m/nofp/libc_nano.a(libc_a-memset.o)
 .debug_frame   0x00000080       0x30 /usr/lib/gcc/arm-none-eabi/13.2.1/../../../arm-none-eabi/lib/thumb/v6-m/nofp/libc_nano.a(libc_a-memcpy-stub.o)
