Archive member included to satisfy reference by file (symbol)

/usr/lib/gcc/arm-none-eabi/13.2.1/../../../arm-none-eabi/lib/thumb/v6-m/nofp/libc_nano.a(libc_a-memset.o)
                              /tmp/ccJGTF31.o (memset)
/usr/lib/gcc/arm-none-eabi/13.2.1/../../../arm-none-eabi/lib/thumb/v6-m/nofp/libc_nano.a(libc_a-memcpy-stub.o)
                              /tmp/ccJGTF31.o (memcpy)

Discarded input sections

 .group         0x00000000        0xc /tmp/ccJGTF31.o
 .group         0x00000000        0xc /tmp/ccJGTF31.o
 .group         0x00000000        0xc /tmp/ccJGTF31.o
 .group         0x00000000        0xc /tmp/ccJGTF31.o
 .group         0x00000000        0xc /tmp/ccJGTF31.o
 .group         0x00000000        0xc /tmp/ccJGTF31.o
 .group         0x00000000        0xc /tmp/ccJGTF31.o
 .group         0x00000000        0xc /tmp/ccJGTF31.o
 .group         0x00000000        0xc /tmp/ccJGTF31.o
 .group         0x00000000        0xc /tmp/ccJGTF31.o
 .group         0x00000000        0xc /tmp/ccJGTF31.o
 .text          0x00000000        0x0 /tmp/ccJGTF31.o
 .data          0x00000000        0x0 /tmp/ccJGTF31.o
 .bss           0x00000000        0x0 /tmp/ccJGTF31.o
 .rodata.RCC_BASE
                0x00000000        0x4 /tmp/ccJGTF31.o
 .rodata.GPIO_BANK_NUMBER
                0x00000000        0x4 /tmp/ccJGTF31.o
 .data          0x00000000        0x0 /usr/lib/gcc/arm-none-eabi/13.2.1/../../../arm-none-eabi/lib/thumb/v6-m/nofp/libc_nano.a(libc_a-memset.o)
 .bss           0x00000000        0x0 /usr/lib/gcc/arm-none-eabi/13.2.1/../../../arm-none-eabi/lib/thumb/v6-m/nofp/libc_nano.a(libc_a-memset.o)
 .data          0x00000000        0x0 /usr/lib/gcc/arm-none-eabi/13.2.1/../../../arm-none-eabi/lib/thumb/v6-m/nofp/libc_nano.a(libc_a-memcpy-stub.o)
 .bss           0x00000000        0x0 /usr/lib/gcc/arm-none-eabi/13.2.1/../../../arm-none-eabi/lib/thumb/v6-m/nofp/libc_nano.a(libc_a-memcpy-stub.o)

Memory Configuration

Name             Origin             Length             Attributes
flash            0x08000000         0x00008000         xr
sram             0x20000000         0x00003000         xrw
*default*        0x00000000         0xffffffff

Linker script and memory map

LOAD /tmp/ccJGTF31.o
LOAD /usr/lib/gcc/arm-none-eabi/13.2.1/../../../arm-none-eabi/lib/thumb/v6-m/nofp/libc_nano.a
LOAD /usr/lib/gcc/arm-none-eabi/13.2.1/thumb/v6-m/nofp/libgcc.a
                0x20003000                        _estack = (ORIGIN (sram) + LENGTH (sram))

.vectors        0x08000000       0xbc
 *(.vectors)
 .vectors       0x08000000       0xbc /tmp/ccJGTF31.o
                0x08000000                tab

.text           0x080000bc      0x1ec
 *(.text*)
 .text.delay    0x080000bc       0x1c /tmp/ccJGTF31.o
                0x080000bc                delay
 .text.startup.main
                0x080000d8       0x44 /tmp/ccJGTF31.o
                0x080000d8                main
 .text._reset   0x0800011c       0x58 /tmp/ccJGTF31.o
                0x0800011c                _reset
 .text          0x08000174       0xa8 /usr/lib/gcc/arm-none-eabi/13.2.1/../../../arm-none-eabi/lib/thumb/v6-m/nofp/libc_nano.a(libc_a-memset.o)
                0x08000174                memset
 .text          0x0800021c       0x8c /usr/lib/gcc/arm-none-eabi/13.2.1/../../../arm-none-eabi/lib/thumb/v6-m/nofp/libc_nano.a(libc_a-memcpy-stub.o)
                0x0800021c                memcpy

.glue_7         0x080002a8        0x0
 .glue_7        0x080002a8        0x0 linker stubs

.glue_7t        0x080002a8        0x0
 .glue_7t       0x080002a8        0x0 linker stubs

.vfp11_veneer   0x080002a8        0x0
 .vfp11_veneer  0x080002a8        0x0 linker stubs

.v4_bx          0x080002a8        0x0
 .v4_bx         0x080002a8        0x0 linker stubs

.iplt           0x080002a8        0x0
 .iplt          0x080002a8        0x0 /tmp/ccJGTF31.o

.rel.dyn        0x080002a8        0x0
 .rel.iplt      0x080002a8        0x0 /tmp/ccJGTF31.o

.rodata
 *(.rodata*)

.data           0x20000000        0x4 load address 0x080002a8
                0x20000000                        _startDataRAM = .
 *(.firstData)
 *(.data SORT_BY_NAME(.data.*))
 .data.RCC_IOPENR
                0x20000000        0x4 /tmp/ccJGTF31.o
                0x20000000                RCC_IOPENR
                0x20000004                        _endDataRAM = .
                0x080002a8                        _startDataFLASH = LOADADDR (.data)

.igot.plt       0x20000004        0x0 load address 0x080002ac
 .igot.plt      0x20000004        0x0 /tmp/ccJGTF31.o

.bss            0x20000004        0x0 load address 0x080002ac
                0x20000004                        _startBSS = .
 *(.bss SORT_BY_NAME(.bss.*))
                0x20000004                        _endBSS = .
OUTPUT(firmware.elf elf32-littlearm)
LOAD linker stubs

.debug_info     0x00000000      0x6e7
 .debug_info    0x00000000      0x460 /tmp/ccJGTF31.o
 .debug_info    0x00000460      0x135 /usr/lib/gcc/arm-none-eabi/13.2.1/../../../arm-none-eabi/lib/thumb/v6-m/nofp/libc_nano.a(libc_a-memset.o)
 .debug_info    0x00000595      0x152 /usr/lib/gcc/arm-none-eabi/13.2.1/../../../arm-none-eabi/lib/thumb/v6-m/nofp/libc_nano.a(libc_a-memcpy-stub.o)

.debug_abbrev   0x00000000      0x3ee
 .debug_abbrev  0x00000000      0x26d /tmp/ccJGTF31.o
 .debug_abbrev  0x0000026d       0xb7 /usr/lib/gcc/arm-none-eabi/13.2.1/../../../arm-none-eabi/lib/thumb/v6-m/nofp/libc_nano.a(libc_a-memset.o)
 .debug_abbrev  0x00000324       0xca /usr/lib/gcc/arm-none-eabi/13.2.1/../../../arm-none-eabi/lib/thumb/v6-m/nofp/libc_nano.a(libc_a-memcpy-stub.o)

.debug_loclists
                0x00000000      0x508
 .debug_loclists
                0x00000000       0x7b /tmp/ccJGTF31.o
 .debug_loclists
                0x0000007b      0x1c6 /usr/lib/gcc/arm-none-eabi/13.2.1/../../../arm-none-eabi/lib/thumb/v6-m/nofp/libc_nano.a(libc_a-memset.o)
 .debug_loclists
                0x00000241      0x2c7 /usr/lib/gcc/arm-none-eabi/13.2.1/../../../arm-none-eabi/lib/thumb/v6-m/nofp/libc_nano.a(libc_a-memcpy-stub.o)

.debug_aranges  0x00000000       0x70
 .debug_aranges
                0x00000000       0x30 /tmp/ccJGTF31.o
 .debug_aranges
                0x00000030       0x20 /usr/lib/gcc/arm-none-eabi/13.2.1/../../../arm-none-eabi/lib/thumb/v6-m/nofp/libc_nano.a(libc_a-memset.o)
 .debug_aranges
                0x00000050       0x20 /usr/lib/gcc/arm-none-eabi/13.2.1/../../../arm-none-eabi/lib/thumb/v6-m/nofp/libc_nano.a(libc_a-memcpy-stub.o)

.debug_rnglists
                0x00000000       0x5e
 .debug_rnglists
                0x00000000       0x5e /tmp/ccJGTF31.o

.debug_macro    0x00000000     0x152d
 .debug_macro   0x00000000       0x8d /tmp/ccJGTF31.o
 .debug_macro   0x0000008d      0xaa2 /tmp/ccJGTF31.o
 .debug_macro   0x00000b2f       0x22 /tmp/ccJGTF31.o
 .debug_macro   0x00000b51       0x54 /tmp/ccJGTF31.o
 .debug_macro   0x00000ba5       0x24 /tmp/ccJGTF31.o
 .debug_macro   0x00000bc9       0x94 /tmp/ccJGTF31.o
 .debug_macro   0x00000c5d       0x43 /tmp/ccJGTF31.o
 .debug_macro   0x00000ca0      0x103 /tmp/ccJGTF31.o
 .debug_macro   0x00000da3       0x3a /tmp/ccJGTF31.o
 .debug_macro   0x00000ddd      0x34e /tmp/ccJGTF31.o
 .debug_macro   0x0000112b       0x89 /tmp/ccJGTF31.o
 .debug_macro   0x000011b4      0x379 /tmp/ccJGTF31.o

.debug_line     0x00000000      0x626
 .debug_line    0x00000000      0x282 /tmp/ccJGTF31.o
 .debug_line    0x00000282      0x1bd /usr/lib/gcc/arm-none-eabi/13.2.1/../../../arm-none-eabi/lib/thumb/v6-m/nofp/libc_nano.a(libc_a-memset.o)
 .debug_line    0x0000043f      0x1e7 /usr/lib/gcc/arm-none-eabi/13.2.1/../../../arm-none-eabi/lib/thumb/v6-m/nofp/libc_nano.a(libc_a-memcpy-stub.o)

.debug_str      0x00000000     0x4dec
 .debug_str     0x00000000     0x4dec /tmp/ccJGTF31.o
                               0x4e35 (size before relaxing)
 .debug_str     0x00004dec      0x1a6 /usr/lib/gcc/arm-none-eabi/13.2.1/../../../arm-none-eabi/lib/thumb/v6-m/nofp/libc_nano.a(libc_a-memset.o)
 .debug_str     0x00004dec      0x1c3 /usr/lib/gcc/arm-none-eabi/13.2.1/../../../arm-none-eabi/lib/thumb/v6-m/nofp/libc_nano.a(libc_a-memcpy-stub.o)

.comment        0x00000000       0x26
 .comment       0x00000000       0x26 /tmp/ccJGTF31.o
                                 0x27 (size before relaxing)
 .comment       0x00000026       0x27 /usr/lib/gcc/arm-none-eabi/13.2.1/../../../arm-none-eabi/lib/thumb/v6-m/nofp/libc_nano.a(libc_a-memset.o)
 .comment       0x00000026       0x27 /usr/lib/gcc/arm-none-eabi/13.2.1/../../../arm-none-eabi/lib/thumb/v6-m/nofp/libc_nano.a(libc_a-memcpy-stub.o)

.ARM.attributes
                0x00000000       0x2c
 .ARM.attributes
                0x00000000       0x2c /tmp/ccJGTF31.o
 .ARM.attributes
                0x0000002c       0x2c /usr/lib/gcc/arm-none-eabi/13.2.1/../../../arm-none-eabi/lib/thumb/v6-m/nofp/libc_nano.a(libc_a-memset.o)
 .ARM.attributes
                0x00000058       0x2c /usr/lib/gcc/arm-none-eabi/13.2.1/../../../arm-none-eabi/lib/thumb/v6-m/nofp/libc_nano.a(libc_a-memcpy-stub.o)

.debug_frame    0x00000000       0xb8
 .debug_frame   0x00000000       0x58 /tmp/ccJGTF31.o
 .debug_frame   0x00000058       0x30 /usr/lib/gcc/arm-none-eabi/13.2.1/../../../arm-none-eabi/lib/thumb/v6-m/nofp/libc_nano.a(libc_a-memset.o)
 .debug_frame   0x00000088       0x30 /usr/lib/gcc/arm-none-eabi/13.2.1/../../../arm-none-eabi/lib/thumb/v6-m/nofp/libc_nano.a(libc_a-memcpy-stub.o)
